Copyright 1986-2014 Xilinx, Inc. All Rights Reserved.
------------------------------------------------------------------------------------
| Tool Version : Vivado v.2014.4 (win64) Build 1071353 Tue Nov 18 18:29:27 MST 2014
| Date         : Tue May 12 12:58:37 2015
| Host         : M210-24 running 64-bit Service Pack 1  (build 7601)
| Command      : report_control_sets -verbose -file lab1top_control_sets_placed.rpt
| Design       : lab1top
| Device       : xc7a35t
------------------------------------------------------------------------------------

Control Set Information

Table of Contents
-----------------
1. Summary
2. Flip-Flop Distribution
3. Detailed Control Set Information

1. Summary
----------

+-------------------------------------------------------------------+-------+
|                               Status                              | Count |
+-------------------------------------------------------------------+-------+
| Number of unique control sets                                     |    50 |
| Minimum Number of register sites lost to control set restrictions |   133 |
+-------------------------------------------------------------------+-------+


2. Flip-Flop Distribution
-------------------------

+--------------+-----------------------+------------------------+-----------------+--------------+
| Clock Enable | Synchronous Set/Reset | Asynchronous Set/Reset | Total Registers | Total Slices |
+--------------+-----------------------+------------------------+-----------------+--------------+
| No           | No                    | No                     |             594 |          155 |
| No           | No                    | Yes                    |               0 |            0 |
| No           | Yes                   | No                     |              48 |           13 |
| Yes          | No                    | No                     |            3280 |          848 |
| Yes          | No                    | Yes                    |               0 |            0 |
| Yes          | Yes                   | No                     |             185 |           64 |
+--------------+-----------------------+------------------------+-----------------+--------------+


3. Detailed Control Set Information
-----------------------------------

+-----------------------------------------------------------------------------------------------------------------------+---------------------------------------------------------------------------------------------------------------------------------------------------------------------------------------+---------------------------------------------------------------------------------------------------------------------------------------------------------------------+------------------+----------------+
|                                                      Clock Signal                                                     |                                                                                     Enable Signal                                                                                     |                                                                           Set/Reset Signal                                                                          | Slice Load Count | Bel Load Count |
+-----------------------------------------------------------------------------------------------------------------------+---------------------------------------------------------------------------------------------------------------------------------------------------------------------------------------+---------------------------------------------------------------------------------------------------------------------------------------------------------------------+------------------+----------------+
|  clk_IBUF_BUFG                                                                                                        | ModemTransmitter/PulseShaper_I/FIR/U0/i_synth/g_polyphase_interpolation.i_polyphase_interpolation/g_semi_parallel_and_smac.g_cntrl_signals[7].g_others.i_delay_cntrl_data/CNTRL_IN[0] |                                                                                                                                                                     |                1 |              2 |
|  clk_IBUF_BUFG                                                                                                        | ModemTransmitter/PulseShaper_Q/FIR/U0/i_synth/g_polyphase_interpolation.i_polyphase_interpolation/g_semi_parallel_and_smac.g_cntrl_signals[7].g_others.i_delay_cntrl_data/CNTRL_IN[0] |                                                                                                                                                                     |                1 |              2 |
|  clk_IBUF_BUFG                                                                                                        | ModemTransmitter/PulseShaper_Q/FIR/U0/i_synth/g_polyphase_interpolation.i_polyphase_interpolation/cntrl_data[0]_3[3]                                                                  |                                                                                                                                                                     |                1 |              2 |
|  clk_IBUF_BUFG                                                                                                        | ModemTransmitter/PulseShaper_I/FIR/U0/i_synth/g_polyphase_interpolation.i_polyphase_interpolation/cntrl_data[0]_3[3]                                                                  |                                                                                                                                                                     |                1 |              2 |
|  clk_IBUF_BUFG                                                                                                        |                                                                                                                                                                                       | ModemTransmitter/PulseShaper_Q/FIR/U0/i_synth/g_polyphase_interpolation.i_polyphase_interpolation/n_0_g_semi_parallel_and_smac.phase_cnt[3]_i_1                     |                1 |              4 |
|  clk_IBUF_BUFG                                                                                                        | ModemTransmitter/CharBuffer/n_0_curr_state[3]_i_1                                                                                                                                     |                                                                                                                                                                     |                2 |              4 |
|  clk_IBUF_BUFG                                                                                                        |                                                                                                                                                                                       | ModemTransmitter/PulseShaper_I/FIR/U0/i_synth/g_polyphase_interpolation.i_polyphase_interpolation/n_0_g_semi_parallel_and_smac.phase_cnt[3]_i_1                     |                1 |              4 |
|  clk_IBUF_BUFG                                                                                                        | ModemReceiver/Transmitter/n_0_tx_ctr[3]_i_2                                                                                                                                           | ModemReceiver/Transmitter/tx_load                                                                                                                                   |                1 |              4 |
|  clk_IBUF_BUFG                                                                                                        | ModemTransmitter/PulseShaper_Q/FIR/U0/i_synth/g_polyphase_interpolation.i_polyphase_interpolation/g_semi_parallel_and_smac.g_latch_op_sym_pair.i_opbuff_cntrl/E[0]                    |                                                                                                                                                                     |                2 |              4 |
|  clk_IBUF_BUFG                                                                                                        | ModemTransmitter/PulseShaper_Q/FIR/U0/i_synth/g_polyphase_interpolation.i_polyphase_interpolation/g_semi_parallel_and_smac.g_latch_op_sym_pair.i_opbuff_cntrl/E[0]                    | ModemTransmitter/PulseShaper_Q/FIR/U0/i_synth/g_polyphase_interpolation.i_polyphase_interpolation/g_semi_parallel_and_smac.g_latch_op_sym_pair.i_opbuff_cntrl/SR[0] |                2 |              4 |
|  clk_IBUF_BUFG                                                                                                        | ModemTransmitter/PulseShaper_I/FIR/U0/i_synth/g_polyphase_interpolation.i_polyphase_interpolation/g_semi_parallel_and_smac.g_latch_op_sym_pair.i_opbuff_cntrl/E[0]                    | ModemTransmitter/PulseShaper_I/FIR/U0/i_synth/g_polyphase_interpolation.i_polyphase_interpolation/g_semi_parallel_and_smac.g_latch_op_sym_pair.i_opbuff_cntrl/SR[0] |                2 |              4 |
|  clk_IBUF_BUFG                                                                                                        | ModemTransmitter/PulseShaper_I/FIR/U0/i_synth/g_polyphase_interpolation.i_polyphase_interpolation/g_semi_parallel_and_smac.g_latch_op_sym_pair.i_opbuff_cntrl/E[0]                    |                                                                                                                                                                     |                2 |              4 |
|  clk_IBUF_BUFG                                                                                                        | ModemTransmitter/PulseShaper_Q/FIR/U0/i_synth/g_polyphase_interpolation.i_polyphase_interpolation/cntrl_data[0]_3[8]                                                                  |                                                                                                                                                                     |                1 |              4 |
|  clk_IBUF_BUFG                                                                                                        | ModemTransmitter/PulseShaper_I/FIR/U0/i_synth/g_polyphase_interpolation.i_polyphase_interpolation/cntrl_data[0]_3[8]                                                                  |                                                                                                                                                                     |                1 |              4 |
|  clk_IBUF_BUFG                                                                                                        | ModemTransmitter/Receiver/rx_shift                                                                                                                                                    | ModemTransmitter/Receiver/n_0_tick_ctr[9]_i_1                                                                                                                       |                1 |              4 |
|  clk_IBUF_BUFG                                                                                                        | SymbolClk/symbol_clk                                                                                                                                                                  |                                                                                                                                                                     |                2 |              4 |
|  clk_IBUF_BUFG                                                                                                        | ModemTransmitter/CharBuffer/n_0_wr_address[4]_i_2                                                                                                                                     | ModemTransmitter/CharBuffer/n_0_wr_address[4]_i_1                                                                                                                   |                2 |              5 |
|  clk_IBUF_BUFG                                                                                                        | ModemTransmitter/PulseShaper_I/FIR/U0/i_synth/g_polyphase_interpolation.i_polyphase_interpolation/base_en_cntrl                                                                       | ModemTransmitter/PulseShaper_I/FIR/U0/i_synth/g_polyphase_interpolation.i_polyphase_interpolation/n_0_g_semi_parallel_and_smac.gen_coef_addr[6]_i_1                 |                2 |              7 |
|  clk_IBUF_BUFG                                                                                                        | ModemTransmitter/PulseShaper_Q/FIR/U0/i_synth/g_polyphase_interpolation.i_polyphase_interpolation/base_en_cntrl                                                                       | ModemTransmitter/PulseShaper_Q/FIR/U0/i_synth/g_polyphase_interpolation.i_polyphase_interpolation/n_0_g_semi_parallel_and_smac.gen_coef_addr[6]_i_1                 |                2 |              7 |
|  clk_IBUF_BUFG                                                                                                        | ModemReceiver/IQ_Deserializer/n_0_tx_start_tick_i_1                                                                                                                                   |                                                                                                                                                                     |                2 |              8 |
|  clk_IBUF_BUFG                                                                                                        | ModemTransmitter/Receiver/rx_output                                                                                                                                                   |                                                                                                                                                                     |                2 |              8 |
|  clk_IBUF_BUFG                                                                                                        | ModemTransmitter/PulseShaper_I/FIR/U0/i_synth/g_polyphase_interpolation.i_polyphase_interpolation/opbuff_op_enable                                                                    | ModemTransmitter/PulseShaper_I/FIR/U0/i_synth/g_polyphase_interpolation.i_polyphase_interpolation/n_0_g_opbuff.op_rate_cnt[7]_i_1                                   |                2 |              8 |
|  clk_IBUF_BUFG                                                                                                        | ModemTransmitter/CharBuffer/E[0]                                                                                                                                                      |                                                                                                                                                                     |                1 |              8 |
|  clk_IBUF_BUFG                                                                                                        | ModemTransmitter/PulseShaper_Q/FIR/U0/i_synth/g_polyphase_interpolation.i_polyphase_interpolation/opbuff_op_enable                                                                    | ModemTransmitter/PulseShaper_Q/FIR/U0/i_synth/g_polyphase_interpolation.i_polyphase_interpolation/n_0_g_opbuff.op_rate_cnt[7]_i_1                                   |                3 |              8 |
|  clk_IBUF_BUFG                                                                                                        | ModemReceiver/Transmitter/n_0_tx_reg[8]_i_1                                                                                                                                           |                                                                                                                                                                     |                3 |              9 |
|  clk_IBUF_BUFG                                                                                                        | ModemReceiver/MatchedFilter_Q/ctr_enable                                                                                                                                              | ModemReceiver/MatchedFilter_Q/n_0_clock_cnt[7]_i_1__0                                                                                                               |                2 |              9 |
|  clk_IBUF_BUFG                                                                                                        | ModemReceiver/MatchedFilter_I/ctr_enable                                                                                                                                              | ModemReceiver/MatchedFilter_I/n_0_clock_cnt[7]_i_1                                                                                                                  |                2 |              9 |
|  clk_IBUF_BUFG                                                                                                        | ModemTransmitter/Receiver/rx_shift                                                                                                                                                    |                                                                                                                                                                     |                3 |              9 |
|  clk_IBUF_BUFG                                                                                                        |                                                                                                                                                                                       | ModemTransmitter/Receiver/n_0_tick_ctr[9]_i_1                                                                                                                       |                3 |             10 |
|  clk_IBUF_BUFG                                                                                                        | ModemTransmitter/CharBuffer/rd_ctr_enable                                                                                                                                             | ModemTransmitter/CharBuffer/rd_ctr_clear                                                                                                                            |                2 |             10 |
|  clk_IBUF_BUFG                                                                                                        | ModemTransmitter/PulseShaper_I/FIR/U0/i_synth/g_polyphase_interpolation.i_polyphase_interpolation/m_axis_data_tvalid                                                                  | ModemReceiver/IQ_Demodulator/n_0_Iprod[11]_i_1                                                                                                                      |                2 |             12 |
|  clk_IBUF_BUFG                                                                                                        | ModemReceiver/MatchedFilter_I/ctr_enable                                                                                                                                              | ModemReceiver/MatchedFilter_I/MAC_clr                                                                                                                               |               10 |             12 |
|  clk_IBUF_BUFG                                                                                                        | ModemReceiver/MatchedFilter_Q/ctr_enable                                                                                                                                              | ModemReceiver/MatchedFilter_Q/MAC_clr                                                                                                                               |               10 |             12 |
|  clk_IBUF_BUFG                                                                                                        |                                                                                                                                                                                       | SymbolClk/n_0_CDcount[0]_i_1                                                                                                                                        |                3 |             12 |
|  clk_IBUF_BUFG                                                                                                        | ModemTransmitter/PulseShaper_I/FIR/U0/i_synth/g_polyphase_interpolation.i_polyphase_interpolation/m_axis_data_tvalid                                                                  | ModemTransmitter/PulseShaper_I/O1                                                                                                                                   |                2 |             12 |
|  clk_IBUF_BUFG                                                                                                        | ModemTransmitter/PulseShaper_I/FIR/U0/i_synth/g_polyphase_interpolation.i_polyphase_interpolation/sel                                                                                 | ModemTransmitter/PulseShaper_I/FIR/U0/i_synth/g_polyphase_interpolation.i_polyphase_interpolation/p_33_out                                                          |                4 |             13 |
|  clk_IBUF_BUFG                                                                                                        | ModemTransmitter/PulseShaper_Q/FIR/U0/i_synth/g_polyphase_interpolation.i_polyphase_interpolation/sel                                                                                 | ModemTransmitter/PulseShaper_Q/FIR/U0/i_synth/g_polyphase_interpolation.i_polyphase_interpolation/p_33_out                                                          |                4 |             13 |
|  clk_IBUF_BUFG                                                                                                        | ModemTransmitter/PulseShaper_I/FIR/U0/i_synth/g_polyphase_interpolation.i_polyphase_interpolation/g_opbuff.i_latch_op_src_sel/latch_op                                                |                                                                                                                                                                     |                5 |             16 |
|  clk_IBUF_BUFG                                                                                                        | ModemReceiver/CR_loop/regen_symbol_clk                                                                                                                                                |                                                                                                                                                                     |                6 |             16 |
|  clk_IBUF_BUFG                                                                                                        | ModemTransmitter/CharBuffer/wr_enable                                                                                                                                                 |                                                                                                                                                                     |                2 |             16 |
|  clk_IBUF_BUFG                                                                                                        | ModemReceiver/MatchedFilter_I/n_0_MAC_out_reg[15]_i_1__0                                                                                                                              |                                                                                                                                                                     |                7 |             16 |
|  clk_IBUF_BUFG                                                                                                        | ModemReceiver/MatchedFilter_Q/n_0_MAC_out_reg[15]_i_1                                                                                                                                 |                                                                                                                                                                     |                5 |             16 |
|  clk_IBUF_BUFG                                                                                                        | ModemTransmitter/PulseShaper_Q/FIR/U0/i_synth/g_polyphase_interpolation.i_polyphase_interpolation/g_opbuff.i_latch_op_src_sel/latch_op                                                |                                                                                                                                                                     |                5 |             16 |
|  clk_IBUF_BUFG                                                                                                        |                                                                                                                                                                                       | Display/n_0_cdcount[0]_i_1                                                                                                                                          |                5 |             18 |
|  clk_IBUF_BUFG                                                                                                        | ModemTransmitter/PulseShaper_I/FIR/U0/i_synth/g_polyphase_interpolation.i_polyphase_interpolation/g_semi_parallel_and_smac.g_latch_op_sym_pair.i_latch_op/p_2_out                     |                                                                                                                                                                     |                4 |             32 |
|  clk_IBUF_BUFG                                                                                                        | ModemTransmitter/PulseShaper_I/FIR/U0/i_synth/g_polyphase_interpolation.i_polyphase_interpolation/m_axis_data_tvalid                                                                  | ModemReceiver/CR_loop/n_0_sample_clk_cnt[31]_i_1                                                                                                                    |                9 |             32 |
|  clk_IBUF_BUFG                                                                                                        | ModemTransmitter/PulseShaper_Q/FIR/U0/i_synth/g_polyphase_interpolation.i_polyphase_interpolation/g_semi_parallel_and_smac.g_latch_op_sym_pair.i_latch_op/p_2_out                     |                                                                                                                                                                     |                4 |             32 |
|  ModemTransmitter/PulseShaper_I/FIR/U0/i_synth/g_polyphase_interpolation.i_polyphase_interpolation/m_axis_data_tvalid |                                                                                                                                                                                       |                                                                                                                                                                     |               27 |            158 |
|  clk_IBUF_BUFG                                                                                                        |                                                                                                                                                                                       |                                                                                                                                                                     |              137 |            460 |
|  clk_IBUF_BUFG                                                                                                        | ModemTransmitter/PulseShaper_I/FIR/U0/i_synth/g_polyphase_interpolation.i_polyphase_interpolation/m_axis_data_tvalid                                                                  |                                                                                                                                                                     |              799 |           3134 |
+-----------------------------------------------------------------------------------------------------------------------+---------------------------------------------------------------------------------------------------------------------------------------------------------------------------------------+---------------------------------------------------------------------------------------------------------------------------------------------------------------------+------------------+----------------+


